<?xml version="1.0" encoding="UTF-8"?>
<testsuites name="jest tests" tests="3" failures="0" time="1.037">
  <testsuite name="index.test.js" errors="0" failures="0" skipped="0" timestamp="2020-09-18T16:54:48" time="0.518" tests="3">
    <testcase classname="Flat report Converts JUnit XML to GitHub annotations" name="Flat report Converts JUnit XML to GitHub annotations" time="0.016">
    </testcase>
    <testcase classname="Nested report Converts JUnit XML to failing cases in JSON" name="Nested report Converts JUnit XML to failing cases in JSON" time="0.002">
    </testcase>
    <testcase classname="Nested report Converts failing cases in JSON to GitHub annotations" name="Nested report Converts failing cases in JSON to GitHub annotations" time="0.001">
    </testcase>
  </testsuite>
</testsuites>